<html>
<body>
<pre>
<h1>礦ision Build Log</h1>
<h2>Tool Versions:</h2>
IDE-Version: μVision V5.14.0.0
Copyright (C) 2015 ARM Ltd and ARM Germany GmbH. All rights reserved.
License Information: 123 123, 123123, LIC=7YKY8-3TRIG-C2DL6-DKBE9-9XMR1-Z8UPK
 
Tool Versions:
Toolchain:       MDK-ARM Professional  Version: 5.14.0.0
Toolchain Path:  F:\Keil_v5\ARM\ARMCC\Bin
C Compiler:      Armcc.exe V5.05 update 1 (build 106)
Assembler:       Armasm.exe V5.05 update 1 (build 106)
Linker/Locator:  ArmLink.exe V5.05 update 1 (build 106)
Library Manager: ArmAr.exe V5.05 update 1 (build 106)
Hex Converter:   FromElf.exe V5.05 update 1 (build 106)
CPU DLL:         SARMCM3.DLL V5.14.0.0
Dialog DLL:      DCM.DLL V1.13.1.0
Target DLL:      lmidk-agdi.dll V???
Dialog DLL:      TCM.DLL V1.14.4.0
 
<h2>Project:</h2>
C:\Users\linucys\Desktop\tiva-boost\Project\project0.uvprojx
Project File Date:  05/05/2019

<h2>Output:</h2>
Build target 'Target 1'
compiling buck.c...
..\USER\buck.c(255): warning:  #167-D: argument of type "uint32_t *" is incompatible with parameter of type "unsigned long *"
                ADCSequenceDataGet(ADC_BASE, Current_Sequence, &pui32ADC_CurrentValue);         //读取采样值
..\USER\buck.c: 1 warning, 0 errors
linking...
Program Size: Code=5540 RO-data=1448 RW-data=1840 ZI-data=256  
FromELF: creating hex file...
"..\output\project0.axf" - 0 Error(s), 1 Warning(s).

<h2>Collection of Component include folders:</h2>
  C:\Users\linucys\Desktop\tiva-boost\Project\RTE
  F:\Keil_v5\ARM\PACK\Keil\TM4C_DFP\1.1.0

<h2>Collection of Component Files used:</h2>
</pre>
</body>
</html>
